// Jest Snapshot v1, https://goo.gl/fbAQLP

exports[`<Input/> matches snapshot 1`] = `
<styled.input
  id="notes"
  name="notes"
  onChange={[MockFunction]}
  placeholder="Add some notes here"
  type="text"
  value="neon!"
/>
`;

exports[`<Input/> updates controlled input values correctly 1`] = `
<styled.input
  id="address"
  name="address"
  onChange={[MockFunction]}
  placeholder="Add address"
  type="text"
  value="Portland, Maine"
/>
`;
