// Jest Snapshot v1, https://goo.gl/fbAQLP

exports[`<PhotoGrid/> renders and displays properly 1`] = `
<styled.ul>
  <li
    key="0"
  >
    <Link
      replace={false}
      to="/photo/photo1.png"
    >
      <styled.img
        alt="street typography image: notes1"
        src="/uploads/photo1.png"
      />
    </Link>
  </li>
  <li
    key="1"
  >
    <Link
      replace={false}
      to="/photo/photo2.png"
    >
      <styled.img
        alt="street typography image: notes2"
        src="/uploads/photo2.png"
      />
    </Link>
  </li>
  <li
    key="2"
  >
    <Link
      replace={false}
      to="/photo/photo3.png"
    >
      <styled.img
        alt="street typography image: notes3"
        src="/uploads/photo3.png"
      />
    </Link>
  </li>
</styled.ul>
`;
